\BOOKMARK [1][-]{section.1}{\376\377\0002\000D\000\040\000p\000l\000o\000t\000s}{}% 1
\BOOKMARK [1][-]{section.2}{\376\377\0003\000D\000\040\000p\000l\000o\000t\000s}{}% 2
\BOOKMARK [1][-]{section.3}{\376\377\000v\000e\000c\000t\000o\000r\000s}{}% 3
